// Jest Snapshot v1, https://goo.gl/fbAQLP

exports[`footer spanshot, links 1`] = `"<div class=\\"container mt-5 mb-4 text-center\\"><a aria-label=\\"Twitter\\" href=\\"https://twitter.com/JonEsparaz\\" rel=\\"noopener noreferrer\\" target=\\"_blank\\" class=\\"footer-link\\"><img src=\\"/svg/twitter.svg\\" alt=\\"\\" width=\\"32\\" height=\\"32\\"></a><a aria-label=\\"GitHub\\" href=\\"https://github.com/JonEsparaz\\" rel=\\"noopener noreferrer\\" target=\\"_blank\\" class=\\"footer-link\\"><img src=\\"/svg/github.svg\\" alt=\\"\\" width=\\"32\\" height=\\"32\\"></a><a aria-label=\\"LinkedIn\\" href=\\"https://www.linkedin.com/in/jonathanesparaz/\\" rel=\\"noopener noreferrer\\" target=\\"_blank\\" class=\\"footer-link\\"><img src=\\"/svg/linkedin.svg\\" alt=\\"\\" width=\\"32\\" height=\\"32\\"></a><a aria-label=\\"YouTube\\" href=\\"https://www.youtube.com/c/JonEsparaz\\" rel=\\"noopener noreferrer\\" target=\\"_blank\\" class=\\"footer-link\\"><img src=\\"/svg/youtube.svg\\" alt=\\"\\" width=\\"32\\" height=\\"32\\"></a><p class=\\"mt-4\\">Â© 2021 Jonathan Esparaz</p></div>"`;
