// Jest Snapshot v1, https://goo.gl/fbAQLP

exports[`contact form api error 1`] = `"<div class=\\"page-wrapper\\"><div class=\\"MenuContainer\\" style=\\"position: relative;\\"><nav class=\\"navbar navbar-expand-md\\"><a href=\\"/\\"><img alt=\\"logo\\" src=\\"/logos/je-logo.png\\" style=\\"height: 80px; margin-right: 2vw;\\"></a><button aria-label=\\"Toggle navigation\\" type=\\"button\\" class=\\"navbar-toggler\\"><div class=\\"hamburger hamburger--slider  bl-menu\\"><div class=\\"hamburger-box\\"><div class=\\"hamburger-inner\\"></div></div></div></button><div class=\\"collapse navbar-collapse\\"><ul class=\\"mr-auto navbar-nav\\"><li><a class=\\"navlink-custom\\" href=\\"/speedcubing\\"><img src=\\"/svg/cubing-black.svg\\" alt=\\"\\" class=\\"menu-icon\\"><span class=\\"Underline\\">Speedcubing</span></a></li><li><a class=\\"navlink-custom\\" href=\\"/contact\\"><img src=\\"/svg/email-black.svg\\" alt=\\"\\" class=\\"menu-icon\\"><span class=\\"Underline\\">Contact</span></a></li></ul></div></nav></div><div class=\\"ContactContainer center-wrapper page-body\\"><main><form class=\\"ContactForm\\"><div class=\\"NameInputContainer\\"><input aria-label=\\"First Name\\" style=\\"margin-right: 10px;\\" class=\\"NameInput\\" type=\\"text\\" placeholder=\\"First name\\" required=\\"\\" value=\\"Luke\\"><input aria-label=\\"Last Name\\" class=\\"NameInput\\" type=\\"text\\" placeholder=\\"Last name\\" required=\\"\\" value=\\"Skywalker\\"></div><input aria-label=\\"Email Address\\" class=\\"FormInput\\" type=\\"email\\" placeholder=\\"Email\\" required=\\"\\" value=\\"luke.skywalker@jedi.com\\"><br><input aria-label=\\"Subject Line\\" class=\\"FormInput\\" type=\\"text\\" placeholder=\\"Subject\\" required=\\"\\" value=\\"This is a test\\"><br><textarea aria-label=\\"Message\\" class=\\"MessageInput\\" placeholder=\\"Message...\\" required=\\"\\">Test message</textarea><br><div></div><button class=\\"ActionButton2\\" type=\\"submit\\" data-testid=\\"send-btn\\"><span class=\\"Underline2\\">Send</span></button><span style=\\"margin-left: 12px;\\"><img data-testid=\\"error-icon\\" src=\\"/svg/error_outline.svg\\" alt=\\"message failed to send\\" class=\\"CheckIcon\\"></span></form></main></div><div class=\\"FooterContainer\\"><a aria-label=\\"Twitter\\" href=\\"https://twitter.com/JonEsparaz\\" rel=\\"noopener noreferrer\\" target=\\"_blank\\" class=\\"footer-link\\"><img src=\\"/svg/twitter.svg\\" alt=\\"\\" class=\\"footer-icon\\"></a><a aria-label=\\"GitHub\\" href=\\"https://github.com/JonEsparaz\\" rel=\\"noopener noreferrer\\" target=\\"_blank\\" class=\\"footer-link\\"><img src=\\"/svg/github.svg\\" alt=\\"\\" class=\\"footer-icon\\"></a><a aria-label=\\"LinkedIn\\" href=\\"https://www.linkedin.com/in/jonathanesparaz/\\" rel=\\"noopener noreferrer\\" target=\\"_blank\\" class=\\"footer-link\\"><img src=\\"/svg/linkedin.svg\\" alt=\\"\\" class=\\"footer-icon\\"></a><a aria-label=\\"YouTube\\" href=\\"https://www.youtube.com/c/JonEsparaz\\" rel=\\"noopener noreferrer\\" target=\\"_blank\\" class=\\"footer-link\\"><img src=\\"/svg/youtube.svg\\" alt=\\"\\" class=\\"footer-icon\\"></a><div style=\\"margin-top: 20px; color: black;\\">© 2021 Jonathan Esparaz</div></div></div>"`;

exports[`contact form snapshot 1`] = `"<div class=\\"page-wrapper\\"><div class=\\"MenuContainer\\" style=\\"position: relative;\\"><nav class=\\"navbar navbar-expand-md\\"><a href=\\"/\\"><img alt=\\"logo\\" src=\\"/logos/je-logo.png\\" style=\\"height: 80px; margin-right: 2vw;\\"></a><button aria-label=\\"Toggle navigation\\" type=\\"button\\" class=\\"navbar-toggler\\"><div class=\\"hamburger hamburger--slider  bl-menu\\"><div class=\\"hamburger-box\\"><div class=\\"hamburger-inner\\"></div></div></div></button><div class=\\"collapse navbar-collapse\\"><ul class=\\"mr-auto navbar-nav\\"><li><a class=\\"navlink-custom\\" href=\\"/speedcubing\\"><img src=\\"/svg/cubing-black.svg\\" alt=\\"\\" class=\\"menu-icon\\"><span class=\\"Underline\\">Speedcubing</span></a></li><li><a class=\\"navlink-custom\\" href=\\"/contact\\"><img src=\\"/svg/email-black.svg\\" alt=\\"\\" class=\\"menu-icon\\"><span class=\\"Underline\\">Contact</span></a></li></ul></div></nav></div><div class=\\"ContactContainer center-wrapper page-body\\"><main><form class=\\"ContactForm\\"><div class=\\"NameInputContainer\\"><input aria-label=\\"First Name\\" style=\\"margin-right: 10px;\\" class=\\"NameInput\\" type=\\"text\\" placeholder=\\"First name\\" required=\\"\\" value=\\"\\"><input aria-label=\\"Last Name\\" class=\\"NameInput\\" type=\\"text\\" placeholder=\\"Last name\\" required=\\"\\" value=\\"\\"></div><input aria-label=\\"Email Address\\" class=\\"FormInput\\" type=\\"email\\" placeholder=\\"Email\\" required=\\"\\" value=\\"\\"><br><input aria-label=\\"Subject Line\\" class=\\"FormInput\\" type=\\"text\\" placeholder=\\"Subject\\" required=\\"\\" value=\\"\\"><br><textarea aria-label=\\"Message\\" class=\\"MessageInput\\" placeholder=\\"Message...\\" required=\\"\\"></textarea><br><div></div><button class=\\"ActionButton2\\" type=\\"submit\\" data-testid=\\"send-btn\\"><span class=\\"Underline2\\">Send</span></button></form></main></div><div class=\\"FooterContainer\\"><a aria-label=\\"Twitter\\" href=\\"https://twitter.com/JonEsparaz\\" rel=\\"noopener noreferrer\\" target=\\"_blank\\" class=\\"footer-link\\"><img src=\\"/svg/twitter.svg\\" alt=\\"\\" class=\\"footer-icon\\"></a><a aria-label=\\"GitHub\\" href=\\"https://github.com/JonEsparaz\\" rel=\\"noopener noreferrer\\" target=\\"_blank\\" class=\\"footer-link\\"><img src=\\"/svg/github.svg\\" alt=\\"\\" class=\\"footer-icon\\"></a><a aria-label=\\"LinkedIn\\" href=\\"https://www.linkedin.com/in/jonathanesparaz/\\" rel=\\"noopener noreferrer\\" target=\\"_blank\\" class=\\"footer-link\\"><img src=\\"/svg/linkedin.svg\\" alt=\\"\\" class=\\"footer-icon\\"></a><a aria-label=\\"YouTube\\" href=\\"https://www.youtube.com/c/JonEsparaz\\" rel=\\"noopener noreferrer\\" target=\\"_blank\\" class=\\"footer-link\\"><img src=\\"/svg/youtube.svg\\" alt=\\"\\" class=\\"footer-icon\\"></a><div style=\\"margin-top: 20px; color: black;\\">© 2021 Jonathan Esparaz</div></div></div>"`;

exports[`contact form submit message successfully 1`] = `"<div class=\\"page-wrapper\\"><div class=\\"MenuContainer\\" style=\\"position: relative;\\"><nav class=\\"navbar navbar-expand-md\\"><a href=\\"/\\"><img alt=\\"logo\\" src=\\"/logos/je-logo.png\\" style=\\"height: 80px; margin-right: 2vw;\\"></a><button aria-label=\\"Toggle navigation\\" type=\\"button\\" class=\\"navbar-toggler\\"><div class=\\"hamburger hamburger--slider  bl-menu\\"><div class=\\"hamburger-box\\"><div class=\\"hamburger-inner\\"></div></div></div></button><div class=\\"collapse navbar-collapse\\"><ul class=\\"mr-auto navbar-nav\\"><li><a class=\\"navlink-custom\\" href=\\"/speedcubing\\"><img src=\\"/svg/cubing-black.svg\\" alt=\\"\\" class=\\"menu-icon\\"><span class=\\"Underline\\">Speedcubing</span></a></li><li><a class=\\"navlink-custom\\" href=\\"/contact\\"><img src=\\"/svg/email-black.svg\\" alt=\\"\\" class=\\"menu-icon\\"><span class=\\"Underline\\">Contact</span></a></li></ul></div></nav></div><div class=\\"ContactContainer center-wrapper page-body\\"><main><form class=\\"ContactForm\\"><div class=\\"NameInputContainer\\"><input aria-label=\\"First Name\\" style=\\"margin-right: 10px;\\" class=\\"NameInput\\" type=\\"text\\" placeholder=\\"First name\\" required=\\"\\" value=\\"\\"><input aria-label=\\"Last Name\\" class=\\"NameInput\\" type=\\"text\\" placeholder=\\"Last name\\" required=\\"\\" value=\\"\\"></div><input aria-label=\\"Email Address\\" class=\\"FormInput\\" type=\\"email\\" placeholder=\\"Email\\" required=\\"\\" value=\\"\\"><br><input aria-label=\\"Subject Line\\" class=\\"FormInput\\" type=\\"text\\" placeholder=\\"Subject\\" required=\\"\\" value=\\"\\"><br><textarea aria-label=\\"Message\\" class=\\"MessageInput\\" placeholder=\\"Message...\\" required=\\"\\"></textarea><br><div></div><button class=\\"ActionButton2\\" type=\\"submit\\" data-testid=\\"send-btn\\" disabled=\\"\\"><span class=\\"\\">Sent</span></button><span style=\\"margin-left: 12px;\\"><img data-testid=\\"success-icon\\" src=\\"/svg/check_circle_outline.svg\\" alt=\\"message sent\\" class=\\"CheckIcon\\"></span></form></main></div><div class=\\"FooterContainer\\"><a aria-label=\\"Twitter\\" href=\\"https://twitter.com/JonEsparaz\\" rel=\\"noopener noreferrer\\" target=\\"_blank\\" class=\\"footer-link\\"><img src=\\"/svg/twitter.svg\\" alt=\\"\\" class=\\"footer-icon\\"></a><a aria-label=\\"GitHub\\" href=\\"https://github.com/JonEsparaz\\" rel=\\"noopener noreferrer\\" target=\\"_blank\\" class=\\"footer-link\\"><img src=\\"/svg/github.svg\\" alt=\\"\\" class=\\"footer-icon\\"></a><a aria-label=\\"LinkedIn\\" href=\\"https://www.linkedin.com/in/jonathanesparaz/\\" rel=\\"noopener noreferrer\\" target=\\"_blank\\" class=\\"footer-link\\"><img src=\\"/svg/linkedin.svg\\" alt=\\"\\" class=\\"footer-icon\\"></a><a aria-label=\\"YouTube\\" href=\\"https://www.youtube.com/c/JonEsparaz\\" rel=\\"noopener noreferrer\\" target=\\"_blank\\" class=\\"footer-link\\"><img src=\\"/svg/youtube.svg\\" alt=\\"\\" class=\\"footer-icon\\"></a><div style=\\"margin-top: 20px; color: black;\\">© 2021 Jonathan Esparaz</div></div></div>"`;
