// Jest Snapshot v1, https://goo.gl/fbAQLP

exports[`404 error page 1`] = `"<div class=\\"min-vh-100 d-flex flex-column\\"><div class=\\"px-2 px-sm-5 w-100 position-relative\\"><nav class=\\"navbar navbar-expand-md\\"><a href=\\"/\\"><img alt=\\"logo\\" src=\\"/logos/je-logo-dark.png\\" class=\\"logo\\"></a><button aria-label=\\"Toggle navigation\\" type=\\"button\\" class=\\"navbar-toggler\\"><div class=\\"hamburger hamburger--slider dark-burger \\"><div class=\\"hamburger-box\\"><div class=\\"hamburger-inner\\"></div></div></div></button><div class=\\"collapse navbar-collapse\\"><ul class=\\"mr-auto navbar-nav\\"><li class=\\"nav-item\\"><a class=\\"navlink-custom text-decoration-none text-uppercase dark-link\\" href=\\"/speedcubing\\"><img src=\\"/svg/cubing-dark.svg\\" alt=\\"\\" class=\\"menu-icon\\" width=\\"24\\" height=\\"24\\"><span class=\\"underline-dark\\">Speedcubing</span></a></li><li class=\\"nav-item\\"><a class=\\"navlink-custom text-decoration-none text-uppercase dark-link\\" href=\\"/contact\\"><img src=\\"/svg/email-dark.svg\\" alt=\\"\\" class=\\"menu-icon\\" width=\\"24\\" height=\\"24\\"><span class=\\"underline-dark\\">Contact</span></a></li></ul></div></nav></div><div class=\\"container\\"><div class=\\"row\\"><div class=\\"text-center w-100\\"><h2>Page not found <span role=\\"img\\" aria-label=\\"confused emoji\\">ðŸ˜•</span></h2><a class=\\"action-btn link-btn dark-btn\\" href=\\"/\\"><span class=\\"underline-light\\">Back to home</span></a></div></div></div><div class=\\"flex-grow-1\\"></div><div class=\\"container mt-5 mb-4 text-center\\"><a aria-label=\\"Twitter\\" href=\\"https://twitter.com/JonEsparaz\\" rel=\\"noopener noreferrer\\" target=\\"_blank\\" class=\\"footer-link\\"><img src=\\"/svg/twitter.svg\\" alt=\\"\\" width=\\"32\\" height=\\"32\\"></a><a aria-label=\\"GitHub\\" href=\\"https://github.com/JonEsparaz\\" rel=\\"noopener noreferrer\\" target=\\"_blank\\" class=\\"footer-link\\"><img src=\\"/svg/github.svg\\" alt=\\"\\" width=\\"32\\" height=\\"32\\"></a><a aria-label=\\"LinkedIn\\" href=\\"https://www.linkedin.com/in/jonathanesparaz/\\" rel=\\"noopener noreferrer\\" target=\\"_blank\\" class=\\"footer-link\\"><img src=\\"/svg/linkedin.svg\\" alt=\\"\\" width=\\"32\\" height=\\"32\\"></a><a aria-label=\\"YouTube\\" href=\\"https://www.youtube.com/c/JonEsparaz\\" rel=\\"noopener noreferrer\\" target=\\"_blank\\" class=\\"footer-link\\"><img src=\\"/svg/youtube.svg\\" alt=\\"\\" width=\\"32\\" height=\\"32\\"></a><p class=\\"mt-4\\">Â© 2021 Jonathan Esparaz</p></div></div>"`;
