// Jest Snapshot v1, https://goo.gl/fbAQLP

exports[`home page snapshot, resize handler 1`] = `"<div style=\\"display: flex; flex-direction: column; min-height: 100vh;\\"><div class=\\"menu-container\\" style=\\"position: absolute; z-index: 9999;\\"><nav class=\\"navbar navbar-expand-md\\"><a href=\\"/\\"><img alt=\\"logo\\" src=\\"/logos/je-logo-white.png\\" style=\\"height: 80px; margin-right: 2vw;\\"></a><button aria-label=\\"Toggle navigation\\" type=\\"button\\" class=\\"navbar-toggler\\"><div class=\\"hamburger hamburger--slider  wh-menu\\"><div class=\\"hamburger-box\\"><div class=\\"hamburger-inner\\"></div></div></div></button><div class=\\"collapse navbar-collapse\\"><ul class=\\"mr-auto navbar-nav\\"><li><a class=\\"navlink-custom white-link\\" href=\\"/speedcubing\\"><img src=\\"/svg/cubing-white.svg\\" alt=\\"\\" class=\\"menu-icon\\"><span class=\\"underline-light\\">Speedcubing</span></a></li><li><a class=\\"navlink-custom white-link\\" href=\\"/contact\\"><img src=\\"/svg/email-white.svg\\" alt=\\"\\" class=\\"menu-icon\\"><span class=\\"underline-light\\">Contact</span></a></li></ul></div></nav></div><div class=\\"container-fluid position-absolute\\"><div class=\\"row align-items-center hero-content\\" style=\\"text-align: center;\\"><div class=\\"col-md-6 m-auto\\"><h1 class=\\"text-white text-uppercase\\">Jon Esparaz</h1><div class=\\"accent-bar\\"></div><p class=\\"text-white\\">Engineering Science | University of Toronto</p></div></div></div><img class=\\"hero-image\\" src=\\"https://d3posj7vfpgqcz.cloudfront.net/images/keyboard.jpg\\" srcset=\\"https://d3posj7vfpgqcz.cloudfront.net/images/keyboard-720.jpg 720w, https://d3posj7vfpgqcz.cloudfront.net/images/keyboard-1080.jpg 1080w, https://d3posj7vfpgqcz.cloudfront.net/images/keyboard-1921.jpg 1921w, https://d3posj7vfpgqcz.cloudfront.net/images/keyboard.jpg 2870w\\" sizes=\\"(min-width: 768px) 100vw, 50vw\\" alt=\\"mechanical keyboard\\"><div class=\\"container py-5\\"><div class=\\"mx-2\\"><b>About me: </b>I'm a 3rd year Machine Intelligence major in the University of Toronto's Engineering Science program. I enjoy writing software, <a class=\\"Link\\" href=\\"/speedcubing\\">solving Rubik's Cubes</a> and a good game of basketball.</div></div><div class=\\"container\\"><div class=\\"row\\"><div class=\\"col-md-4 d-flex\\"><div style=\\"border-radius: 0;\\" class=\\"mx-1 mb-4 card\\"><div class=\\"d-flex flex-column card-body\\"><h5 style=\\"text-align: center;\\" class=\\"text-uppercase card-title\\"><img src=\\"/svg/code.svg\\" alt=\\"\\" class=\\"skill-icon\\">Languages</h5><p class=\\"flex-grow-1 card-text\\">TypeScript, Python, C/C++, JavaScript, CSS/SASS, HTML5, Go, C#, GraphQL and MATLAB. Additionally, I have experience writing ARM Assembly and Verilog for coursework.</p><img style=\\"border-radius: 0;\\" src=\\"https://d3posj7vfpgqcz.cloudfront.net/images/code-1.jpg\\" alt=\\"CSS code\\" class=\\"card-img\\"></div></div></div><div class=\\"col-md-4 d-flex\\"><div style=\\"border-radius: 0;\\" class=\\"mx-1 mb-4 card\\"><div class=\\"d-flex flex-column card-body\\"><h5 style=\\"text-align: center;\\" class=\\"text-uppercase card-title\\"><img src=\\"/svg/cloud.svg\\" alt=\\"\\" class=\\"skill-icon\\">Cloud</h5><p class=\\"flex-grow-1 card-text\\">I have developed several applications using the AWS Amplify and Google Firebase frameworks. AWS products I&amp;apos;ve used in production include: DynamoDB, AppSync, Lambda, CloudFront and S3 Storage.</p><img style=\\"border-radius: 0;\\" src=\\"https://d3posj7vfpgqcz.cloudfront.net/images/cloud.jpg\\" alt=\\"Light shining through dark clouds\\" class=\\"card-img\\"></div></div></div><div class=\\"col-md-4 d-flex\\"><div style=\\"border-radius: 0;\\" class=\\"mx-1 mb-4 card\\"><div class=\\"d-flex flex-column card-body\\"><h5 style=\\"text-align: center;\\" class=\\"text-uppercase card-title\\"><img src=\\"/svg/build.svg\\" alt=\\"\\" class=\\"skill-icon\\">Frameworks &amp; more</h5><p class=\\"flex-grow-1 card-text\\">I am highly experienced with React, React Native, Node.js and GitHub. As a Machine Intelligence major, I have experience using PyTorch, NumPy, OpenCV, pandas, Matplotlib and scikit-learn.</p><img style=\\"border-radius: 0;\\" src=\\"https://d3posj7vfpgqcz.cloudfront.net/images/code-2.jpg\\" alt=\\"JavaScript code\\" class=\\"card-img\\"></div></div></div></div><div class=\\"row mt-5\\" style=\\"text-align: center;\\"><div><h3>Have an idea? Let's connect.</h3><a class=\\"action-btn link-btn dark-btn\\" href=\\"/contact\\"><span class=\\"underline-light\\">Contact Me</span></a></div></div></div><div style=\\"flex-grow: 1;\\"></div><div class=\\"container mt-5 mb-4\\" style=\\"text-align: center;\\"><a aria-label=\\"Twitter\\" href=\\"https://twitter.com/JonEsparaz\\" rel=\\"noopener noreferrer\\" target=\\"_blank\\" class=\\"footer-link\\"><img src=\\"/svg/twitter.svg\\" alt=\\"\\" class=\\"footer-icon\\"></a><a aria-label=\\"GitHub\\" href=\\"https://github.com/JonEsparaz\\" rel=\\"noopener noreferrer\\" target=\\"_blank\\" class=\\"footer-link\\"><img src=\\"/svg/github.svg\\" alt=\\"\\" class=\\"footer-icon\\"></a><a aria-label=\\"LinkedIn\\" href=\\"https://www.linkedin.com/in/jonathanesparaz/\\" rel=\\"noopener noreferrer\\" target=\\"_blank\\" class=\\"footer-link\\"><img src=\\"/svg/linkedin.svg\\" alt=\\"\\" class=\\"footer-icon\\"></a><a aria-label=\\"YouTube\\" href=\\"https://www.youtube.com/c/JonEsparaz\\" rel=\\"noopener noreferrer\\" target=\\"_blank\\" class=\\"footer-link\\"><img src=\\"/svg/youtube.svg\\" alt=\\"\\" class=\\"footer-icon\\"></a><p style=\\"margin-top: 20px; color: black;\\">Â© 2021 Jonathan Esparaz</p></div></div>"`;
