// Jest Snapshot v1, https://goo.gl/fbAQLP

exports[`projects 1`] = `"<div style=\\"display: flex; flex-direction: column; min-height: 100vh;\\"><div class=\\"menu-container\\" style=\\"position: relative;\\"><nav class=\\"navbar navbar-expand-md\\"><a href=\\"/\\"><img alt=\\"logo\\" src=\\"/logos/je-logo.png\\" style=\\"height: 80px; margin-right: 2vw;\\"></a><button aria-label=\\"Toggle navigation\\" type=\\"button\\" class=\\"navbar-toggler\\"><div class=\\"hamburger hamburger--slider  bl-menu\\"><div class=\\"hamburger-box\\"><div class=\\"hamburger-inner\\"></div></div></div></button><div class=\\"collapse navbar-collapse\\"><ul class=\\"mr-auto navbar-nav\\"><li><a class=\\"navlink-custom\\" href=\\"/speedcubing\\"><img src=\\"/svg/cubing-black.svg\\" alt=\\"\\" class=\\"menu-icon\\"><span class=\\"underline-dark\\">Speedcubing</span></a></li><li><a class=\\"navlink-custom\\" href=\\"/contact\\"><img src=\\"/svg/email-black.svg\\" alt=\\"\\" class=\\"menu-icon\\"><span class=\\"underline-dark\\">Contact</span></a></li></ul></div></nav></div><div class=\\"container\\"><div class=\\"row\\" style=\\"text-align: center;\\"><div><h2>Projects <span role=\\"img\\" aria-label=\\"hammer and wrench emoji\\">🛠️</span></h2><div>(coming soon)</div></div></div></div><div style=\\"flex-grow: 1;\\"></div><div class=\\"container mt-5 mb-4\\" style=\\"text-align: center;\\"><a aria-label=\\"Twitter\\" href=\\"https://twitter.com/JonEsparaz\\" rel=\\"noopener noreferrer\\" target=\\"_blank\\" class=\\"footer-link\\"><img src=\\"/svg/twitter.svg\\" alt=\\"\\" class=\\"footer-icon\\"></a><a aria-label=\\"GitHub\\" href=\\"https://github.com/JonEsparaz\\" rel=\\"noopener noreferrer\\" target=\\"_blank\\" class=\\"footer-link\\"><img src=\\"/svg/github.svg\\" alt=\\"\\" class=\\"footer-icon\\"></a><a aria-label=\\"LinkedIn\\" href=\\"https://www.linkedin.com/in/jonathanesparaz/\\" rel=\\"noopener noreferrer\\" target=\\"_blank\\" class=\\"footer-link\\"><img src=\\"/svg/linkedin.svg\\" alt=\\"\\" class=\\"footer-icon\\"></a><a aria-label=\\"YouTube\\" href=\\"https://www.youtube.com/c/JonEsparaz\\" rel=\\"noopener noreferrer\\" target=\\"_blank\\" class=\\"footer-link\\"><img src=\\"/svg/youtube.svg\\" alt=\\"\\" class=\\"footer-icon\\"></a><p style=\\"margin-top: 20px; color: black;\\">© 2021 Jonathan Esparaz</p></div></div>"`;
