// Jest Snapshot v1, https://goo.gl/fbAQLP

exports[`navigation menu navbar toggler 1`] = `"<div class=\\"hamburger hamburger--slider light-burger \\"><div class=\\"hamburger-box\\"><div class=\\"hamburger-inner\\"></div></div></div>"`;

exports[`navigation menu navbar toggler 2`] = `"<div class=\\"hamburger hamburger--slider light-burger is-active\\"><div class=\\"hamburger-box\\"><div class=\\"hamburger-inner\\"></div></div></div>"`;

exports[`navigation menu snapshots, light/dark mode, absolute/relative position 1`] = `"<div class=\\"px-4 px-sm-5 w-100 position-relative\\"><nav class=\\"navbar navbar-expand-md\\"><a href=\\"/\\"><img alt=\\"logo\\" src=\\"/logos/je-logo-light.png\\" class=\\"logo\\"></a><button aria-label=\\"Toggle navigation\\" type=\\"button\\" class=\\"navbar-toggler\\"><div class=\\"hamburger hamburger--slider light-burger \\"><div class=\\"hamburger-box\\"><div class=\\"hamburger-inner\\"></div></div></div></button><div class=\\"collapse navbar-collapse\\"><ul class=\\"mr-auto navbar-nav\\"><li><a class=\\"navlink-custom text-decoration-none text-uppercase text-white\\" href=\\"/speedcubing\\"><img src=\\"/svg/cubing-light.svg\\" alt=\\"\\" class=\\"menu-icon\\" width=\\"24\\" height=\\"24\\"><span class=\\"underline-light\\">Speedcubing</span></a></li><li><a class=\\"navlink-custom text-decoration-none text-uppercase text-white\\" href=\\"/contact\\"><img src=\\"/svg/email-light.svg\\" alt=\\"\\" class=\\"menu-icon\\" width=\\"24\\" height=\\"24\\"><span class=\\"underline-light\\">Contact</span></a></li></ul></div></nav></div>"`;

exports[`navigation menu snapshots, light/dark mode, absolute/relative position 2`] = `"<div class=\\"px-4 px-sm-5 w-100 position-absolute\\" style=\\"z-index: 9999;\\"><nav class=\\"navbar navbar-expand-md\\"><a href=\\"/\\"><img alt=\\"logo\\" src=\\"/logos/je-logo-light.png\\" class=\\"logo\\"></a><button aria-label=\\"Toggle navigation\\" type=\\"button\\" class=\\"navbar-toggler\\"><div class=\\"hamburger hamburger--slider light-burger \\"><div class=\\"hamburger-box\\"><div class=\\"hamburger-inner\\"></div></div></div></button><div class=\\"collapse navbar-collapse\\"><ul class=\\"mr-auto navbar-nav\\"><li><a class=\\"navlink-custom text-decoration-none text-uppercase text-white\\" href=\\"/speedcubing\\"><img src=\\"/svg/cubing-light.svg\\" alt=\\"\\" class=\\"menu-icon\\" width=\\"24\\" height=\\"24\\"><span class=\\"underline-light\\">Speedcubing</span></a></li><li><a class=\\"navlink-custom text-decoration-none text-uppercase text-white\\" href=\\"/contact\\"><img src=\\"/svg/email-light.svg\\" alt=\\"\\" class=\\"menu-icon\\" width=\\"24\\" height=\\"24\\"><span class=\\"underline-light\\">Contact</span></a></li></ul></div></nav></div>"`;

exports[`navigation menu snapshots, light/dark mode, absolute/relative position 3`] = `"<div class=\\"px-4 px-sm-5 w-100 position-relative\\" style=\\"\\"><nav class=\\"navbar navbar-expand-md\\"><a href=\\"/\\"><img alt=\\"logo\\" src=\\"/logos/je-logo-dark.png\\" class=\\"logo\\"></a><button aria-label=\\"Toggle navigation\\" type=\\"button\\" class=\\"navbar-toggler\\"><div class=\\"hamburger hamburger--slider dark-burger \\"><div class=\\"hamburger-box\\"><div class=\\"hamburger-inner\\"></div></div></div></button><div class=\\"collapse navbar-collapse\\"><ul class=\\"mr-auto navbar-nav\\"><li><a class=\\"navlink-custom text-decoration-none text-uppercase \\" href=\\"/speedcubing\\"><img src=\\"/svg/cubing-dark.svg\\" alt=\\"\\" class=\\"menu-icon\\" width=\\"24\\" height=\\"24\\"><span class=\\"underline-dark\\">Speedcubing</span></a></li><li><a class=\\"navlink-custom text-decoration-none text-uppercase \\" href=\\"/contact\\"><img src=\\"/svg/email-dark.svg\\" alt=\\"\\" class=\\"menu-icon\\" width=\\"24\\" height=\\"24\\"><span class=\\"underline-dark\\">Contact</span></a></li></ul></div></nav></div>"`;

exports[`navigation menu snapshots, light/dark mode, absolute/relative position 4`] = `"<div class=\\"px-4 px-sm-5 w-100 position-absolute\\" style=\\"z-index: 9999;\\"><nav class=\\"navbar navbar-expand-md\\"><a href=\\"/\\"><img alt=\\"logo\\" src=\\"/logos/je-logo-dark.png\\" class=\\"logo\\"></a><button aria-label=\\"Toggle navigation\\" type=\\"button\\" class=\\"navbar-toggler\\"><div class=\\"hamburger hamburger--slider dark-burger \\"><div class=\\"hamburger-box\\"><div class=\\"hamburger-inner\\"></div></div></div></button><div class=\\"collapse navbar-collapse\\"><ul class=\\"mr-auto navbar-nav\\"><li><a class=\\"navlink-custom text-decoration-none text-uppercase \\" href=\\"/speedcubing\\"><img src=\\"/svg/cubing-dark.svg\\" alt=\\"\\" class=\\"menu-icon\\" width=\\"24\\" height=\\"24\\"><span class=\\"underline-dark\\">Speedcubing</span></a></li><li><a class=\\"navlink-custom text-decoration-none text-uppercase \\" href=\\"/contact\\"><img src=\\"/svg/email-dark.svg\\" alt=\\"\\" class=\\"menu-icon\\" width=\\"24\\" height=\\"24\\"><span class=\\"underline-dark\\">Contact</span></a></li></ul></div></nav></div>"`;
